1. Authenticating...
Auth error: {"__isAuthError":true,"name":"AuthApiError","status":422,"code":"anonymous_provider_disabled"}
